src/components/project/DailyPulseView.tsx(294,31): error TS1127: Invalid character.
src/components/project/DailyPulseView.tsx(294,133): error TS1381: Unexpected token. Did you mean `{'}'}` or `&rbrace;`?
src/components/project/DailyPulseView.tsx(294,134): error TS1381: Unexpected token. Did you mean `{'}'}` or `&rbrace;`?
src/components/project/DailyPulseView.tsx(295,13): error TS1382: Unexpected token. Did you mean `{'>'}` or `&gt;`?
src/components/project/DailyPulseView.tsx(313,7): error TS1005: ')' expected.
src/components/project/DailyPulseView.tsx(377,46): error TS1127: Invalid character.
src/components/project/DailyPulseView.tsx(377,169): error TS1381: Unexpected token. Did you mean `{'}'}` or `&rbrace;`?
src/components/project/DailyPulseView.tsx(377,170): error TS1382: Unexpected token. Did you mean `{'>'}` or `&gt;`?
src/components/project/DailyPulseView.tsx(408,48): error TS1127: Invalid character.
src/components/project/DailyPulseView.tsx(408,211): error TS1381: Unexpected token. Did you mean `{'}'}` or `&rbrace;`?
src/components/project/DailyPulseView.tsx(410,35): error TS1382: Unexpected token. Did you mean `{'>'}` or `&gt;`?
src/components/project/DailyPulseView.tsx(415,37): error TS17002: Expected corresponding JSX closing tag for 'td'.
src/components/project/DailyPulseView.tsx(416,35): error TS17002: Expected corresponding JSX closing tag for 'React.Fragment'.
src/components/project/DailyPulseView.tsx(417,31): error TS1005: ')' expected.
src/components/project/DailyPulseView.tsx(417,33): error TS17002: Expected corresponding JSX closing tag for 'React.Fragment'.
src/components/project/DailyPulseView.tsx(419,31): error TS1005: ')' expected.
src/components/project/DailyPulseView.tsx(420,31): error TS1005: ',' expected.
src/components/project/DailyPulseView.tsx(420,43): error TS1005: ',' expected.
src/components/project/DailyPulseView.tsx(468,32): error TS1005: ',' expected.
src/components/project/DailyPulseView.tsx(470,28): error TS1005: ')' expected.
src/components/project/DailyPulseView.tsx(471,25): error TS1381: Unexpected token. Did you mean `{'}'}` or `&rbrace;`?
src/components/project/DailyPulseView.tsx(471,27): error TS1381: Unexpected token. Did you mean `{'}'}` or `&rbrace;`?
src/components/project/DailyPulseView.tsx(472,25): error TS17002: Expected corresponding JSX closing tag for 'tbody'.
src/components/project/DailyPulseView.tsx(473,23): error TS1381: Unexpected token. Did you mean `{'}'}` or `&rbrace;`?
src/components/project/DailyPulseView.tsx(474,21): error TS17002: Expected corresponding JSX closing tag for 'table'.
src/components/project/DailyPulseView.tsx(475,19): error TS1381: Unexpected token. Did you mean `{'}'}` or `&rbrace;`?
src/components/project/DailyPulseView.tsx(476,17): error TS17002: Expected corresponding JSX closing tag for 'div'.
src/components/project/DailyPulseView.tsx(477,13): error TS1005: ')' expected.
src/components/project/DailyPulseView.tsx(477,15): error TS17002: Expected corresponding JSX closing tag for 'div'.
src/components/project/DailyPulseView.tsx(478,11): error TS1128: Declaration or statement expected.
src/components/project/DailyPulseView.tsx(479,9): error TS1109: Expression expected.
src/components/project/DailyPulseView.tsx(480,7): error TS1128: Declaration or statement expected.
src/components/project/DailyPulseView.tsx(481,5): error TS1109: Expression expected.
src/components/project/DailyPulseView.tsx(482,3): error TS1109: Expression expected.
src/components/project/DailyPulseView.tsx(483,1): error TS1128: Declaration or statement expected.
