
> cronograma@0.1.0 test
> vitest run --reporter=verbose


[1m[46m RUN [49m[22m [36mv4.1.2 [39m[90mC:/Users/KEVIN AVALOS/Webs/cronogramas[39m

 [32mÔ£ô[39m src/__tests__/lib/gantt/config.test.ts[2m > [22mGantt Config[2m > [22m1. Locale config contiene estructura de meses y d├¡as[32m 3[2mms[22m[39m
 [32mÔ£ô[39m src/__tests__/lib/gantt/config.test.ts[2m > [22mGantt Config[2m > [22m2. Zoom config tiene tres niveles de profundidad[32m 1[2mms[22m[39m
 [32mÔ£ô[39m src/__tests__/lib/gantt/config.test.ts[2m > [22mGantt Config[2m > [22m3. Las columnas modo readonly omiten los botones de acci├│n[32m 0[2mms[22m[39m
 [32mÔ£ô[39m src/__tests__/lib/gantt/config.test.ts[2m > [22mGantt Config[2m > [22m4. Las columnas modo normal incluyen los botones de acci├│n[32m 0[2mms[22m[39m
 [32mÔ£ô[39m src/__tests__/lib/gantt/config.test.ts[2m > [22mGantt Config[2m > [22m5. getTaskClass asigna la CSS class correcta seg├║n db_type[32m 1[2mms[22m[39m
 [31m├ù[39m src/__tests__/lib/gantt/date-utils.test.ts[2m > [22mDate Utils[2m > [22m1. toGanttEndDate suma un d├¡a a fecha ISO string[32m 15[2mms[22m[39m
[31m   ÔåÆ expected '2026-03-15' to be '2026-03-16' // Object.is equality[39m
 [31m├ù[39m src/__tests__/lib/gantt/date-utils.test.ts[2m > [22mDate Utils[2m > [22m2. toDbEndDate resta un d├¡a a fecha ISO string[32m 3[2mms[22m[39m
[31m   ÔåÆ expected '2026-03-14' to be '2026-03-15' // Object.is equality[39m
 [31m├ù[39m src/__tests__/lib/gantt/date-utils.test.ts[2m > [22mDate Utils[2m > [22m3. toGanttEndDate con objeto Date[32m 1[2mms[22m[39m
[31m   ÔåÆ expected '2026-03-15' to be '2026-03-16' // Object.is equality[39m
 [31m├ù[39m src/__tests__/lib/gantt/date-utils.test.ts[2m > [22mDate Utils[2m > [22m4. toDbEndDate con objeto Date[32m 1[2mms[22m[39m
[31m   ÔåÆ expected '2026-03-14' to be '2026-03-15' // Object.is equality[39m
 [31m├ù[39m src/__tests__/lib/gantt/date-utils.test.ts[2m > [22mDate Utils[2m > [22m5. Edge case: bisiesto cruce de mes[32m 2[2mms[22m[39m
[31m   ÔåÆ expected '2024-02-29' to be '2024-03-01' // Object.is equality[39m
 [31m├ù[39m src/__tests__/lib/gantt/date-utils.test.ts[2m > [22mDate Utils[2m > [22m6. formatTaskDate estandariza salida[32m 1[2mms[22m[39m
[31m   ÔåÆ expected '2026-02-28' to be '2026-03-01' // Object.is equality[39m
 [32mÔ£ô[39m src/__tests__/lib/gantt/date-utils.test.ts[2m > [22mDate Utils[2m > [22m7. Manejo seguro de fechas inv├ílidas o nulas[32m 1[2mms[22m[39m
 [32mÔ£ô[39m src/__tests__/lib/scurve.test.ts[2m > [22mS-Curve EVM Engine - Baseline Tests[2m > [22m1. Proyecto vac├¡o retorna defaults seguros[32m 8[2mms[22m[39m
 [32mÔ£ô[39m src/__tests__/lib/scurve.test.ts[2m > [22mS-Curve EVM Engine - Baseline Tests[2m > [22m2. Una actividad sin progreso -> actual es 0, spi es 0[32m 5[2mms[22m[39m
 [32mÔ£ô[39m src/__tests__/lib/scurve.test.ts[2m > [22mS-Curve EVM Engine - Baseline Tests[2m > [22m3. Proyecto con datos completos calcula progreso planificado y real[32m 2[2mms[22m[39m
 [32mÔ£ô[39m src/__tests__/lib/scurve.test.ts[2m > [22mS-Curve EVM Engine - Baseline Tests[2m > [22m10. Previene divisiones por cero con peso total 0[32m 1[2mms[22m[39m
 [32mÔ£ô[39m src/__tests__/lib/gantt/progress-utils.test.ts[2m > [22mProgress Utils[2m > [22m1. buildProgressMap agrupa por activity_id[32m 3[2mms[22m[39m
 [32mÔ£ô[39m src/__tests__/lib/gantt/progress-utils.test.ts[2m > [22mProgress Utils[2m > [22m2. buildProgressMap maneja arrays vac├¡os/nulos[32m 0[2mms[22m[39m
 [32mÔ£ô[39m src/__tests__/lib/gantt/progress-utils.test.ts[2m > [22mProgress Utils[2m > [22m3. calculateActivityProgress suma y clampa a 1.0 (100%)[32m 0[2mms[22m[39m
 [32mÔ£ô[39m src/__tests__/lib/gantt/progress-utils.test.ts[2m > [22mProgress Utils[2m > [22m4. calculateActivityProgress maneja >100% clamping[32m 0[2mms[22m[39m
 [31m├ù[39m src/__tests__/lib/gantt/progress-utils.test.ts[2m > [22mProgress Utils[2m > [22m5. buildTasksFromPartidas regenera estructura plana (flat array) para Gantt[32m 11[2mms[22m[39m
[31m   ÔåÆ expected '2026-03-05' to be '2026-03-06' // Object.is equality[39m
 [32mÔ£ô[39m src/__tests__/lib/alerts.test.ts[2m > [22mAlerts Engine - Baseline Tests[2m > [22m1. Proyecto sin retraso no genera alertas globales (o al menos no cr├¡ticas)[32m 11[2mms[22m[39m
 [32mÔ£ô[39m src/__tests__/lib/alerts.test.ts[2m > [22mAlerts Engine - Baseline Tests[2m > [22m2. Actividad con fechas pasadas sin completar genera schedule_delay[32m 2[2mms[22m[39m
 [32mÔ£ô[39m src/__tests__/lib/alerts.test.ts[2m > [22mAlerts Engine - Baseline Tests[2m > [22m5. Reporte con restricci├│n hoy -> genera alerta cr├¡tica[32m 2[2mms[22m[39m

[2m Test Files [22m [1m[31m2 failed[39m[22m[2m | [22m[1m[32m3 passed[39m[22m[90m (5)[39m
[2m      Tests [22m [1m[31m7 failed[39m[22m[2m | [22m[1m[32m17 passed[39m[22m[90m (24)[39m
[2m   Start at [22m 18:09:52
[2m   Duration [22m 4.90s[2m (transform 541ms, setup 1.06s, import 9.63s, tests 88ms, environment 8.45s)[22m

